// Jest Snapshot v1, https://goo.gl/fbAQLP

exports[`renders without crashing and matches snapshot 1`] = `
<div
  class="flex_jro6t0-o_O-flexDirectionColumn_1jtvojh-o_O-container_ra7z6c"
>
  <div
    class="flexGrow1_t0tx82-o_O-flexShrink0_fz3zdn-o_O-mainContentContainer_e296pg"
  >
    <div
      class="flex_jro6t0-o_O-flexDirectionRow_qb00m9-o_O-container_q6bfv3"
    >
      <div
        class="navContainer_261wlx"
      >
        <div>
          Main Nav
        </div>
      </div>
      <div
        class="flexGrow1_t0tx82-o_O-flexShrink0_fz3zdn"
      >
        <div
          class="p0_3js4c0"
        >
          <div
            class="container_16abvw0"
          >
            Dashboard Header
          </div>
          <p>
            Dashboard
          </p>
          <button
            type="button"
          >
            Sign out
          </button>
        </div>
      </div>
    </div>
  </div>
</div>
`;
