// Jest Snapshot v1, https://goo.gl/fbAQLP

exports[`renders without crashing and matches snapshot 1`] = `
<a
  class="textTransformUppercase_4efw5a-o_O-fontWeight400_tt122m-o_O-fontSize3_o9hx2m-o_O-link_1etlbkf"
  href="/test"
>
  Test link
</a>
`;
